// Jest Snapshot v1, https://goo.gl/fbAQLP

exports[`App.vue matches snapshot 1`] = `
<div
  id="app"
>
  <appheader-stub />
   
  <main
    class="container"
  >
    <router-view-stub
      name="default"
    />
  </main>
   
  <appfooter-stub />
</div>
`;
