// Jest Snapshot v1, https://goo.gl/fbAQLP

exports[`SocialListItem.vue matches snapshot 1`] = `
<a
  class="social__link"
  href="https://www.github.com/Artem12345678"
  target="_blank"
>
  <img
    src=""
  />
</a>
`;
